Copyright 1986-2022 Xilinx, Inc. All Rights Reserved. Copyright 2022-2023 Advanced Micro Devices, Inc. All Rights Reserved.
---------------------------------------------------------------------------------------------------------------------------------------------
| Tool Version : Vivado v.2023.1 (win64) Build 3865809 Sun May  7 15:05:29 MDT 2023
| Date         : Mon Apr 20 14:54:05 2026
| Host         : DESKTOP-M976CGD running 64-bit major release  (build 9200)
| Command      : report_control_sets -verbose -file top_control_sets_placed.rpt
| Design       : top
| Device       : xc7a35t
---------------------------------------------------------------------------------------------------------------------------------------------

Control Set Information

Table of Contents
-----------------
1. Summary
2. Histogram
3. Flip-Flop Distribution
4. Detailed Control Set Information

1. Summary
----------

+----------------------------------------------------------+-------+
|                          Status                          | Count |
+----------------------------------------------------------+-------+
| Total control sets                                       |    54 |
|    Minimum number of control sets                        |    54 |
|    Addition due to synthesis replication                 |     0 |
|    Addition due to physical synthesis replication        |     0 |
| Unused register locations in slices containing registers |    88 |
+----------------------------------------------------------+-------+
* Control sets can be merged at opt_design using control_set_merge or merge_equivalent_drivers
** Run report_qor_suggestions for automated merging and remapping suggestions


2. Histogram
------------

+--------------------+-------+
|       Fanout       | Count |
+--------------------+-------+
| Total control sets |    54 |
| >= 0 to < 4        |     1 |
| >= 4 to < 6        |     9 |
| >= 6 to < 8        |     0 |
| >= 8 to < 10       |     3 |
| >= 10 to < 12      |     4 |
| >= 12 to < 14      |     0 |
| >= 14 to < 16      |     0 |
| >= 16              |    37 |
+--------------------+-------+
* Control sets can be remapped at either synth_design or opt_design


3. Flip-Flop Distribution
-------------------------

+--------------+-----------------------+------------------------+-----------------+--------------+
| Clock Enable | Synchronous Set/Reset | Asynchronous Set/Reset | Total Registers | Total Slices |
+--------------+-----------------------+------------------------+-----------------+--------------+
| No           | No                    | No                     |               1 |            1 |
| No           | No                    | Yes                    |              22 |            9 |
| No           | Yes                   | No                     |              62 |           27 |
| Yes          | No                    | No                     |               0 |            0 |
| Yes          | No                    | Yes                    |            2320 |          908 |
| Yes          | Yes                   | No                     |            1499 |          354 |
+--------------+-----------------------+------------------------+-----------------+--------------+


4. Detailed Control Set Information
-----------------------------------

+----------------+-------------------------------------------------------------------+------------------------------------+------------------+----------------+--------------+
|  Clock Signal  |                           Enable Signal                           |          Set/Reset Signal          | Slice Load Count | Bel Load Count | Bels / Slice |
+----------------+-------------------------------------------------------------------+------------------------------------+------------------+----------------+--------------+
|  clk_IBUF_BUFG |                                                                   |                                    |                1 |              1 |         1.00 |
|  clk_IBUF_BUFG | u_aes_ctrl/aes_inst/enc_block/round_ctr_we                        | rst_btn_IBUF                       |                2 |              4 |         2.00 |
|  clk_IBUF_BUFG | status_led[3]_i_1_n_0                                             | rst_btn_IBUF                       |                1 |              4 |         4.00 |
|  clk_IBUF_BUFG | u_aes_ctrl/aes_inst/keymem/round_ctr_we                           | rst_btn_IBUF                       |                1 |              4 |         4.00 |
|  clk_IBUF_BUFG | u_aes_ctrl/aes_inst/dec_block/dec_ctrl_new[0]                     | rst_btn_IBUF                       |                1 |              4 |         4.00 |
|  clk_IBUF_BUFG | u_aes_ctrl/E[0]                                                   | rst_btn_IBUF                       |                2 |              4 |         2.00 |
|  clk_IBUF_BUFG | u_uart_tx/FSM_sequential_sys_state_reg[0][0]                      | rst_btn_IBUF                       |                1 |              4 |         4.00 |
|  clk_IBUF_BUFG | u_aes_ctrl/aes_inst/keymem/FSM_onehot_key_mem_ctrl_reg[3]_i_1_n_0 | rst_btn_IBUF                       |                1 |              4 |         4.00 |
|  clk_IBUF_BUFG | u_uart_rx/btn_start_prev_reg[0]                                   | rst_btn_IBUF                       |                1 |              4 |         4.00 |
|  clk_IBUF_BUFG | u_uart_tx/FSM_sequential_sys_state_reg[2][0]                      | rst_btn_IBUF                       |                3 |              5 |         1.67 |
|  clk_IBUF_BUFG | u_uart_tx/tx_shift                                                | rst_btn_IBUF                       |                1 |              8 |         8.00 |
|  clk_IBUF_BUFG | u_uart_tx/FSM_sequential_sys_state_reg[2]_1[0]                    | rst_btn_IBUF                       |                4 |              8 |         2.00 |
|  clk_IBUF_BUFG | u_uart_rx/data_out[7]_i_1_n_0                                     | rst_btn_IBUF                       |                1 |              8 |         8.00 |
|  clk_IBUF_BUFG | u_pixel_buffer/block_valid_reg_0[0]                               | rst_btn_IBUF                       |                4 |             10 |         2.50 |
|  clk_IBUF_BUFG | u_uart_tx/E[0]                                                    | rst_btn_IBUF                       |                3 |             10 |         3.33 |
|  clk_IBUF_BUFG | u_aes_ctrl/FSM_sequential_sys_state_reg[0][0]                     | rst_btn_IBUF                       |                3 |             10 |         3.33 |
|  clk_IBUF_BUFG | u_uart_tx/FSM_sequential_sys_state_reg[2]_0[0]                    | rst_btn_IBUF                       |                4 |             10 |         2.50 |
|  clk_IBUF_BUFG | u_uart_tx/clk_cnt[15]_i_1__0_n_0                                  | rst_btn_IBUF                       |                4 |             16 |         4.00 |
|  clk_IBUF_BUFG | u_aes_ctrl/aes_inst/dec_block/block_w1_we                         | rst_btn_IBUF                       |               26 |             32 |         1.23 |
|  clk_IBUF_BUFG | u_aes_ctrl/aes_inst/enc_block/block_w0_we                         | rst_btn_IBUF                       |               24 |             32 |         1.33 |
|  clk_IBUF_BUFG | u_aes_ctrl/aes_inst/enc_block/block_w1_we                         | rst_btn_IBUF                       |               23 |             32 |         1.39 |
|  clk_IBUF_BUFG | u_aes_ctrl/aes_inst/enc_block/block_w2_we                         | rst_btn_IBUF                       |               28 |             32 |         1.14 |
|  clk_IBUF_BUFG | u_aes_ctrl/aes_inst/enc_block/block_w3_we                         | rst_btn_IBUF                       |               22 |             32 |         1.45 |
|  clk_IBUF_BUFG | u_aes_ctrl/aes_inst/dec_block/block_w2_we                         | rst_btn_IBUF                       |               24 |             32 |         1.33 |
|  clk_IBUF_BUFG | u_aes_ctrl/aes_inst/dec_block/block_w3_we                         | rst_btn_IBUF                       |               21 |             32 |         1.52 |
|  clk_IBUF_BUFG | u_aes_ctrl/aes_inst/dec_block/block_w0_we                         | rst_btn_IBUF                       |               27 |             32 |         1.19 |
|  clk_IBUF_BUFG |                                                                   | rst_btn_IBUF                       |               36 |             84 |         2.33 |
|  clk_IBUF_BUFG | u_uart_rx/E[0]                                                    | rst_btn_IBUF                       |               16 |            120 |         7.50 |
|  clk_IBUF_BUFG | u_uart_rx/data_valid_reg_0[0]                                     | u_pixel_buffer/byte_cnt[3]_i_1_n_0 |               27 |            124 |         4.59 |
|  clk_IBUF_BUFG | u_uart_tx/FSM_sequential_sys_state_reg[2]_2[0]                    | rst_btn_IBUF                       |               19 |            128 |         6.74 |
|  clk_IBUF_BUFG | u_uart_tx/stream_rd_pending_reg[0]                                | rst_btn_IBUF                       |               26 |            128 |         4.92 |
|  clk_IBUF_BUFG | u_pixel_buffer/block_out[127]_i_1_n_0                             | u_pixel_buffer/byte_cnt[3]_i_1_n_0 |               32 |            128 |         4.00 |
|  clk_IBUF_BUFG | u_aes_ctrl/aes_inst/keymem/round_ctr_inc                          | rst_btn_IBUF                       |               47 |            128 |         2.72 |
|  clk_IBUF_BUFG | u_uart_rx/FSM_sequential_sys_state_reg[3][0]                      | rst_btn_IBUF                       |               27 |            128 |         4.74 |
|  clk_IBUF_BUFG | u_aes_ctrl/FSM_sequential_sys_state_reg[0]_0[0]                   | rst_btn_IBUF                       |               40 |            128 |         3.20 |
|  clk_IBUF_BUFG | u_aes_ctrl/aes_inst/E[0]                                          | rst_btn_IBUF                       |               33 |            128 |         3.88 |
|  clk_IBUF_BUFG | u_aes_ctrl/aes_inst/keymem/key_mem[12][127]_i_1_n_0               | rst_btn_IBUF                       |               46 |            128 |         2.78 |
|  clk_IBUF_BUFG | u_aes_ctrl/aes_inst/keymem/key_mem[13][127]_i_1_n_0               | rst_btn_IBUF                       |               45 |            128 |         2.84 |
|  clk_IBUF_BUFG | u_aes_ctrl/aes_inst/keymem/key_mem[4][127]_i_1_n_0                | rst_btn_IBUF                       |               38 |            128 |         3.37 |
|  clk_IBUF_BUFG | u_aes_ctrl/aes_inst/keymem/key_mem[14][127]_i_1_n_0               | rst_btn_IBUF                       |               50 |            128 |         2.56 |
|  clk_IBUF_BUFG | u_aes_ctrl/aes_inst/keymem/key_mem[2][127]_i_1_n_0                | rst_btn_IBUF                       |               45 |            128 |         2.84 |
|  clk_IBUF_BUFG | u_aes_ctrl/aes_inst/keymem/key_mem[10][127]_i_1_n_0               | rst_btn_IBUF                       |               38 |            128 |         3.37 |
|  clk_IBUF_BUFG | u_aes_ctrl/aes_inst/keymem/key_mem[3][127]_i_1_n_0                | rst_btn_IBUF                       |               52 |            128 |         2.46 |
|  clk_IBUF_BUFG | u_aes_ctrl/aes_inst/keymem/key_mem[5][127]_i_1_n_0                | rst_btn_IBUF                       |               30 |            128 |         4.27 |
|  clk_IBUF_BUFG | u_aes_ctrl/aes_inst/keymem/key_mem[6][127]_i_1_n_0                | rst_btn_IBUF                       |               44 |            128 |         2.91 |
|  clk_IBUF_BUFG | u_aes_ctrl/aes_inst/keymem/key_mem                                | rst_btn_IBUF                       |               36 |            128 |         3.56 |
|  clk_IBUF_BUFG | u_aes_ctrl/aes_inst/keymem/key_mem[8][127]_i_1_n_0                | rst_btn_IBUF                       |               39 |            128 |         3.28 |
|  clk_IBUF_BUFG | u_aes_ctrl/aes_inst/keymem/key_mem[11][127]_i_1_n_0               | rst_btn_IBUF                       |               37 |            128 |         3.46 |
|  clk_IBUF_BUFG | u_aes_ctrl/aes_inst/keymem/key_mem[9][127]_i_1_n_0                | rst_btn_IBUF                       |               61 |            128 |         2.10 |
|  clk_IBUF_BUFG | u_aes_ctrl/aes_inst/keymem/key_mem[1][127]_i_1_n_0                | rst_btn_IBUF                       |               41 |            128 |         3.12 |
|  clk_IBUF_BUFG | u_aes_ctrl/aes_inst/keymem/key_mem[7][127]_i_1_n_0                | rst_btn_IBUF                       |               59 |            128 |         2.17 |
|  clk_IBUF_BUFG | u_aes_ctrl/done_reg_0[0]                                          | rst_btn_IBUF                       |               26 |            128 |         4.92 |
|  clk_IBUF_BUFG | u_pixel_buffer/E[0]                                               | rst_btn_IBUF                       |               38 |            129 |         3.39 |
|  clk_IBUF_BUFG | u_aes_ctrl/block_reg[127]_i_1_n_0                                 | rst_btn_IBUF                       |               38 |            129 |         3.39 |
+----------------+-------------------------------------------------------------------+------------------------------------+------------------+----------------+--------------+


